// Jest Snapshot v1, https://goo.gl/fbAQLP

exports[`<InternalTableCell /> renders snapshot correctly for a custom cell 1`] = `
<div>
  <table>
    <tbody>
      <tr>
        <td
          class="MuiTableCell-root StyledTableCell-root-14 MuiTableCell-sizeSmall"
          style="position: sticky; left: 0px; width: 20px; z-index: 100; padding-right: 16px; text-align: center;"
        >
          <button
            aria-haspopup="true"
            class="MuiButtonBase-root MuiIconButton-root MuiIconButton-sizeSmall"
            tabindex="0"
            type="button"
          >
            <span
              class="MuiIconButton-label"
            >
              <svg
                aria-hidden="true"
                class="MuiSvgIcon-root MuiSvgIcon-fontSizeSmall"
                focusable="false"
                role="presentation"
                viewBox="0 0 24 24"
              >
                <path
                  d="M12 8c1.1 0 2-.9 2-2s-.9-2-2-2-2 .9-2 2 .9 2 2 2zm0 2c-1.1 0-2 .9-2 2s.9 2 2 2 2-.9 2-2-.9-2-2-2zm0 6c-1.1 0-2 .9-2 2s.9 2 2 2 2-.9 2-2-.9-2-2-2z"
                />
              </svg>
            </span>
            <span
              class="MuiTouchRipple-root"
            />
          </button>
        </td>
      </tr>
    </tbody>
  </table>
</div>
`;

exports[`<InternalTableCell /> renders snapshot correctly for a data cell 1`] = `
<div>
  <table>
    <tbody>
      <tr>
        <td
          class="MuiTableCell-root StyledTableCell-root-1 MuiTableCell-sizeSmall"
        >
          Correct Data
        </td>
      </tr>
    </tbody>
  </table>
</div>
`;
